// Jest Snapshot v1, https://goo.gl/fbAQLP

exports[`HeaderNav should match snap 1`] = `
ShallowWrapper {
  "length": 1,
  Symbol(enzyme.__root__): [Circular],
  Symbol(enzyme.__unrendered__): <HeaderNav
    currentUser={
      Object {
        "house": "Dog9",
        "id": "RVde1m9BhkQBLZlTJNsFlQZXqP43",
        "name": "Amanda Brenner",
      }
    }
    leaveHouse={[Function]}
    location={
      Object {
        "pathname": "/",
      }
    }
    signOut={[Function]}
    usersHouse={
      Object {
        "bills": Array [
          Object {
            "allUsersTotals": Array [
              Object {
                "id": "RVde1m9BhkQBLZlTJNsFlQZXqP43",
                "paid": false,
                "total": 50,
              },
              Object {
                "id": "cFNdorl5ceRyMr9XGvPFRVEcw7I3",
                "paid": false,
                "total": 50,
              },
            ],
            "datePosted": "11/01/2017",
            "details": "We used a lot of water.",
            "duedate": "11/9/17",
            "id": "b3019762705779",
            "parsedDuedate": 1510210800000,
            "postedBy": Object {
              "house": "Dog9",
              "id": "RVde1m9BhkQBLZlTJNsFlQZXqP43",
              "name": "Amanda Brenner",
            },
            "title": "Water Bill",
            "total": "100",
          },
        ],
        "bulletins": Array [
          Object {
            "datePosted": "11/01/2017",
            "details": "The dogs got out through a hole in the fence yesterday.",
            "hasRead": Array [
              "RVde1m9BhkQBLZlTJNsFlQZXqP43",
            ],
            "id": 1509567098747,
            "postedBy": Object {
              "house": "Dog9",
              "id": "RVde1m9BhkQBLZlTJNsFlQZXqP43",
              "name": "Amanda Brenner",
            },
            "title": "Don't leave dogs out unattended.",
          },
        ],
        "chores": Array [
          Object {
            "assignedTo": "RVde1m9BhkQBLZlTJNsFlQZXqP43",
            "datePosted": "10/31/2017",
            "details": "Empty the dishwasher.",
            "done": false,
            "id": "c1509485241076",
            "postedBy": Object {
              "house": "Dog9",
              "id": "RVde1m9BhkQBLZlTJNsFlQZXqP43",
              "name": "Amanda Brenner",
            },
            "title": "Dishes",
            "urgency": "low",
          },
        ],
        "houseCode": "woof9",
        "houseKey": "-KxoIBWy5UYRscFYdWty",
        "houseName": "Dog9",
        "users": Array [
          Object {
            "house": "Dog9",
            "id": "RVde1m9BhkQBLZlTJNsFlQZXqP43",
            "name": "Amanda Brenner",
          },
          Object {
            "house": "Dog9",
            "id": "cFNdorl5ceRyMr9XGvPFRVEcw7I3",
            "name": "Lola Koala",
          },
        ],
      }
    }
  />,
  Symbol(enzyme.__renderer__): Object {
    "batchedUpdates": [Function],
    "getNode": [Function],
    "render": [Function],
    "simulateEvent": [Function],
    "unmount": [Function],
  },
  Symbol(enzyme.__node__): Object {
    "instance": null,
    "key": null,
    "nodeType": "host",
    "props": Object {
      "children": Array [
        <div
          className="logo"
        >
          <Link
            replace={false}
            to="/"
          >
            <h1>
              Tribe
            </h1>
          </Link>
          <h3>
            A Communal Living Management App
          </h3>
        </div>,
        <div
          className="user-stuff"
        >
          <div
            className="user-stuff-nav"
          >
            <Link
              className="home active"
              replace={false}
              to="/"
            >
              Home
            </Link>
            <Link
              className="manage-house "
              replace={false}
              to="/houselist"
            >
              Manage House
            </Link>
            <Link
              className="my-lists "
              replace={false}
              to="/userlist"
            >
              My Lists
            </Link>
            <Link
              className="leave-house"
              onClick={[Function]}
              replace={false}
              to="/"
            >
              Leave House
            </Link>
            <Link
              className="signout"
              onClick={[Function]}
              replace={false}
              to="/"
            >
              Sign Out
            </Link>
          </div>
          <p
            className="greeting"
          >
            Welcome to Dog9,  Amanda Brenner.
          </p>
        </div>,
      ],
      "className": "app-header",
    },
    "ref": null,
    "rendered": Array [
      Object {
        "instance": null,
        "key": null,
        "nodeType": "host",
        "props": Object {
          "children": Array [
            <Link
              replace={false}
              to="/"
            >
              <h1>
                Tribe
              </h1>
            </Link>,
            <h3>
              A Communal Living Management App
            </h3>,
          ],
          "className": "logo",
        },
        "ref": null,
        "rendered": Array [
          Object {
            "instance": null,
            "key": null,
            "nodeType": "class",
            "props": Object {
              "children": <h1>
                Tribe
              </h1>,
              "replace": false,
              "to": "/",
            },
            "ref": null,
            "rendered": Object {
              "instance": null,
              "key": null,
              "nodeType": "host",
              "props": Object {
                "children": "Tribe",
              },
              "ref": null,
              "rendered": "Tribe",
              "type": "h1",
            },
            "type": [Function],
          },
          Object {
            "instance": null,
            "key": null,
            "nodeType": "host",
            "props": Object {
              "children": "A Communal Living Management App",
            },
            "ref": null,
            "rendered": "A Communal Living Management App",
            "type": "h3",
          },
        ],
        "type": "div",
      },
      Object {
        "instance": null,
        "key": null,
        "nodeType": "host",
        "props": Object {
          "children": Array [
            <div
              className="user-stuff-nav"
            >
              <Link
                className="home active"
                replace={false}
                to="/"
              >
                Home
              </Link>
              <Link
                className="manage-house "
                replace={false}
                to="/houselist"
              >
                Manage House
              </Link>
              <Link
                className="my-lists "
                replace={false}
                to="/userlist"
              >
                My Lists
              </Link>
              <Link
                className="leave-house"
                onClick={[Function]}
                replace={false}
                to="/"
              >
                Leave House
              </Link>
              <Link
                className="signout"
                onClick={[Function]}
                replace={false}
                to="/"
              >
                Sign Out
              </Link>
            </div>,
            <p
              className="greeting"
            >
              Welcome to Dog9,  Amanda Brenner.
            </p>,
          ],
          "className": "user-stuff",
        },
        "ref": null,
        "rendered": Array [
          Object {
            "instance": null,
            "key": null,
            "nodeType": "host",
            "props": Object {
              "children": Array [
                <Link
                  className="home active"
                  replace={false}
                  to="/"
                >
                  Home
                </Link>,
                <Link
                  className="manage-house "
                  replace={false}
                  to="/houselist"
                >
                  Manage House
                </Link>,
                <Link
                  className="my-lists "
                  replace={false}
                  to="/userlist"
                >
                  My Lists
                </Link>,
                <Link
                  className="leave-house"
                  onClick={[Function]}
                  replace={false}
                  to="/"
                >
                  Leave House
                </Link>,
                <Link
                  className="signout"
                  onClick={[Function]}
                  replace={false}
                  to="/"
                >
                  Sign Out
                </Link>,
              ],
              "className": "user-stuff-nav",
            },
            "ref": null,
            "rendered": Array [
              Object {
                "instance": null,
                "key": null,
                "nodeType": "class",
                "props": Object {
                  "children": "Home",
                  "className": "home active",
                  "replace": false,
                  "to": "/",
                },
                "ref": null,
                "rendered": "Home",
                "type": [Function],
              },
              Object {
                "instance": null,
                "key": null,
                "nodeType": "class",
                "props": Object {
                  "children": "Manage House",
                  "className": "manage-house ",
                  "replace": false,
                  "to": "/houselist",
                },
                "ref": null,
                "rendered": "Manage House",
                "type": [Function],
              },
              Object {
                "instance": null,
                "key": null,
                "nodeType": "class",
                "props": Object {
                  "children": "My Lists",
                  "className": "my-lists ",
                  "replace": false,
                  "to": "/userlist",
                },
                "ref": null,
                "rendered": "My Lists",
                "type": [Function],
              },
              Object {
                "instance": null,
                "key": null,
                "nodeType": "class",
                "props": Object {
                  "children": "Leave House",
                  "className": "leave-house",
                  "onClick": [Function],
                  "replace": false,
                  "to": "/",
                },
                "ref": null,
                "rendered": "Leave House",
                "type": [Function],
              },
              Object {
                "instance": null,
                "key": null,
                "nodeType": "class",
                "props": Object {
                  "children": "Sign Out",
                  "className": "signout",
                  "onClick": [Function],
                  "replace": false,
                  "to": "/",
                },
                "ref": null,
                "rendered": "Sign Out",
                "type": [Function],
              },
            ],
            "type": "div",
          },
          Object {
            "instance": null,
            "key": null,
            "nodeType": "host",
            "props": Object {
              "children": "Welcome to Dog9,  Amanda Brenner.",
              "className": "greeting",
            },
            "ref": null,
            "rendered": "Welcome to Dog9,  Amanda Brenner.",
            "type": "p",
          },
        ],
        "type": "div",
      },
    ],
    "type": "div",
  },
  Symbol(enzyme.__nodes__): Array [
    Object {
      "instance": null,
      "key": null,
      "nodeType": "host",
      "props": Object {
        "children": Array [
          <div
            className="logo"
          >
            <Link
              replace={false}
              to="/"
            >
              <h1>
                Tribe
              </h1>
            </Link>
            <h3>
              A Communal Living Management App
            </h3>
          </div>,
          <div
            className="user-stuff"
          >
            <div
              className="user-stuff-nav"
            >
              <Link
                className="home active"
                replace={false}
                to="/"
              >
                Home
              </Link>
              <Link
                className="manage-house "
                replace={false}
                to="/houselist"
              >
                Manage House
              </Link>
              <Link
                className="my-lists "
                replace={false}
                to="/userlist"
              >
                My Lists
              </Link>
              <Link
                className="leave-house"
                onClick={[Function]}
                replace={false}
                to="/"
              >
                Leave House
              </Link>
              <Link
                className="signout"
                onClick={[Function]}
                replace={false}
                to="/"
              >
                Sign Out
              </Link>
            </div>
            <p
              className="greeting"
            >
              Welcome to Dog9,  Amanda Brenner.
            </p>
          </div>,
        ],
        "className": "app-header",
      },
      "ref": null,
      "rendered": Array [
        Object {
          "instance": null,
          "key": null,
          "nodeType": "host",
          "props": Object {
            "children": Array [
              <Link
                replace={false}
                to="/"
              >
                <h1>
                  Tribe
                </h1>
              </Link>,
              <h3>
                A Communal Living Management App
              </h3>,
            ],
            "className": "logo",
          },
          "ref": null,
          "rendered": Array [
            Object {
              "instance": null,
              "key": null,
              "nodeType": "class",
              "props": Object {
                "children": <h1>
                  Tribe
                </h1>,
                "replace": false,
                "to": "/",
              },
              "ref": null,
              "rendered": Object {
                "instance": null,
                "key": null,
                "nodeType": "host",
                "props": Object {
                  "children": "Tribe",
                },
                "ref": null,
                "rendered": "Tribe",
                "type": "h1",
              },
              "type": [Function],
            },
            Object {
              "instance": null,
              "key": null,
              "nodeType": "host",
              "props": Object {
                "children": "A Communal Living Management App",
              },
              "ref": null,
              "rendered": "A Communal Living Management App",
              "type": "h3",
            },
          ],
          "type": "div",
        },
        Object {
          "instance": null,
          "key": null,
          "nodeType": "host",
          "props": Object {
            "children": Array [
              <div
                className="user-stuff-nav"
              >
                <Link
                  className="home active"
                  replace={false}
                  to="/"
                >
                  Home
                </Link>
                <Link
                  className="manage-house "
                  replace={false}
                  to="/houselist"
                >
                  Manage House
                </Link>
                <Link
                  className="my-lists "
                  replace={false}
                  to="/userlist"
                >
                  My Lists
                </Link>
                <Link
                  className="leave-house"
                  onClick={[Function]}
                  replace={false}
                  to="/"
                >
                  Leave House
                </Link>
                <Link
                  className="signout"
                  onClick={[Function]}
                  replace={false}
                  to="/"
                >
                  Sign Out
                </Link>
              </div>,
              <p
                className="greeting"
              >
                Welcome to Dog9,  Amanda Brenner.
              </p>,
            ],
            "className": "user-stuff",
          },
          "ref": null,
          "rendered": Array [
            Object {
              "instance": null,
              "key": null,
              "nodeType": "host",
              "props": Object {
                "children": Array [
                  <Link
                    className="home active"
                    replace={false}
                    to="/"
                  >
                    Home
                  </Link>,
                  <Link
                    className="manage-house "
                    replace={false}
                    to="/houselist"
                  >
                    Manage House
                  </Link>,
                  <Link
                    className="my-lists "
                    replace={false}
                    to="/userlist"
                  >
                    My Lists
                  </Link>,
                  <Link
                    className="leave-house"
                    onClick={[Function]}
                    replace={false}
                    to="/"
                  >
                    Leave House
                  </Link>,
                  <Link
                    className="signout"
                    onClick={[Function]}
                    replace={false}
                    to="/"
                  >
                    Sign Out
                  </Link>,
                ],
                "className": "user-stuff-nav",
              },
              "ref": null,
              "rendered": Array [
                Object {
                  "instance": null,
                  "key": null,
                  "nodeType": "class",
                  "props": Object {
                    "children": "Home",
                    "className": "home active",
                    "replace": false,
                    "to": "/",
                  },
                  "ref": null,
                  "rendered": "Home",
                  "type": [Function],
                },
                Object {
                  "instance": null,
                  "key": null,
                  "nodeType": "class",
                  "props": Object {
                    "children": "Manage House",
                    "className": "manage-house ",
                    "replace": false,
                    "to": "/houselist",
                  },
                  "ref": null,
                  "rendered": "Manage House",
                  "type": [Function],
                },
                Object {
                  "instance": null,
                  "key": null,
                  "nodeType": "class",
                  "props": Object {
                    "children": "My Lists",
                    "className": "my-lists ",
                    "replace": false,
                    "to": "/userlist",
                  },
                  "ref": null,
                  "rendered": "My Lists",
                  "type": [Function],
                },
                Object {
                  "instance": null,
                  "key": null,
                  "nodeType": "class",
                  "props": Object {
                    "children": "Leave House",
                    "className": "leave-house",
                    "onClick": [Function],
                    "replace": false,
                    "to": "/",
                  },
                  "ref": null,
                  "rendered": "Leave House",
                  "type": [Function],
                },
                Object {
                  "instance": null,
                  "key": null,
                  "nodeType": "class",
                  "props": Object {
                    "children": "Sign Out",
                    "className": "signout",
                    "onClick": [Function],
                    "replace": false,
                    "to": "/",
                  },
                  "ref": null,
                  "rendered": "Sign Out",
                  "type": [Function],
                },
              ],
              "type": "div",
            },
            Object {
              "instance": null,
              "key": null,
              "nodeType": "host",
              "props": Object {
                "children": "Welcome to Dog9,  Amanda Brenner.",
                "className": "greeting",
              },
              "ref": null,
              "rendered": "Welcome to Dog9,  Amanda Brenner.",
              "type": "p",
            },
          ],
          "type": "div",
        },
      ],
      "type": "div",
    },
  ],
  Symbol(enzyme.__options__): Object {
    "adapter": ReactSixteenAdapter {
      "options": Object {
        "enableComponentDidUpdateOnSetState": true,
      },
    },
  },
}
`;
